// Jest Snapshot v1, https://goo.gl/fbAQLP

exports[`NavLink NavLink basic render snapshoot 1`] = `
<a
  className="NavLinkstyles__A-sc-1kqds5b-0 bgqGmb"
  onClick={[Function]}
  onMouseEnter={[Function]}
>
  <p>
    Link to google
  </p>
</a>
`;
