// Jest Snapshot v1, https://goo.gl/fbAQLP

exports[`Header Header basic render snapshoot 1`] = `
.c2 {
  padding-top: 8px;
  padding-bottom: 8px;
  width: 100px;
}

.c0 {
  display: -webkit-box;
  display: -webkit-flex;
  display: -ms-flexbox;
  display: flex;
  -webkit-align-items: center;
  -webkit-box-align: center;
  -ms-flex-align: center;
  align-items: center;
  -webkit-flex-direction: column;
  -ms-flex-direction: column;
  flex-direction: column;
  width: 100%;
  background-color: #FFFFFF;
}

.c1 {
  cursor: pointer;
  -webkit-text-decoration: none;
  text-decoration: none;
  font-family: 'Roboto',sans-serif;
}

<header
  className="c0"
>
  <a
    className="c1"
    onClick={[Function]}
    onMouseEnter={[Function]}
  >
    <img
      alt="logo"
      className="c2"
      onClick={[Function]}
      src="/static/icons/logo.png"
    />
  </a>
  <Menu />
</header>
`;
